[31mx[39m Build failed in 7.17s
[31merror during build:
[31msrc/pages/AuthPage.jsx (4:7): "default" is not exported by "src/components/GlobalErrorBoundary.jsx", imported by "src/pages/AuthPage.jsx".[31m
file: [36mC:/Users/vansh/OneDrive/Desktop/SkillBeacon/src/pages/AuthPage.jsx:4:7[31m
[33m
2: import { Link, useNavigate } from 'react-router-dom'
3: import { useSignIn, useSignUp } from '@clerk/clerk-react'
4: import GlobalErrorBoundary from '../components/GlobalErrorBoundary'
          ^
5: 
6: export default function AuthPage() {
[31m
    at getRollupError (file:///C:/Users/vansh/OneDrive/Desktop/SkillBeacon/node_modules/rollup/dist/es/shared/parseAst.js:402:41)
    at error (file:///C:/Users/vansh/OneDrive/Desktop/SkillBeacon/node_modules/rollup/dist/es/shared/parseAst.js:398:42)
    at Module.error (file:///C:/Users/vansh/OneDrive/Desktop/SkillBeacon/node_modules/rollup/dist/es/shared/node-entry.js:17040:16)
    at Module.traceVariable (file:///C:/Users/vansh/OneDrive/Desktop/SkillBeacon/node_modules/rollup/dist/es/shared/node-entry.js:17452:29)
    at ModuleScope.findVariable (file:///C:/Users/vansh/OneDrive/Desktop/SkillBeacon/node_modules/rollup/dist/es/shared/node-entry.js:15070:39)
    at FunctionScope.findVariable (file:///C:/Users/vansh/OneDrive/Desktop/SkillBeacon/node_modules/rollup/dist/es/shared/node-entry.js:5673:38)
    at FunctionBodyScope.findVariable (file:///C:/Users/vansh/OneDrive/Desktop/SkillBeacon/node_modules/rollup/dist/es/shared/node-entry.js:5673:38)
    at Identifier.bind (file:///C:/Users/vansh/OneDrive/Desktop/SkillBeacon/node_modules/rollup/dist/es/shared/node-entry.js:5447:40)
    at CallExpression.bind (file:///C:/Users/vansh/OneDrive/Desktop/SkillBeacon/node_modules/rollup/dist/es/shared/node-entry.js:2825:28)
    at CallExpression.bind (file:///C:/Users/vansh/OneDrive/Desktop/SkillBeacon/node_modules/rollup/dist/es/shared/node-entry.js:12179:15)[39m
