[INFO] Scanning for projects...
[INFO] 
[INFO] ----------------------< com.skillbeacon:backend >-----------------------
[INFO] Building SkillBeacon 0.0.1-SNAPSHOT
[INFO]   from pom.xml
[INFO] --------------------------------[ jar ]---------------------------------
[INFO] 
[INFO] --- resources:3.3.1:resources (default-resources) @ backend ---
[INFO] Copying 1 resource from src\main\resources to target\classes
[INFO] Copying 0 resource from src\main\resources to target\classes
[INFO] 
[INFO] --- compiler:3.11.0:compile (default-compile) @ backend ---
[INFO] Changes detected - recompiling the module! :source
[INFO] Compiling 43 source files with javac [debug release 17] to target\classes
[INFO] /C:/Users/vansh/OneDrive/Desktop/SkillBeacon/backend/src/main/java/com/skillbeacon/service/WorkerAnalysisService.java: C:\Users\vansh\OneDrive\Desktop\SkillBeacon\backend\src\main\java\com\skillbeacon\service\WorkerAnalysisService.java uses unchecked or unsafe operations.
[INFO] /C:/Users/vansh/OneDrive/Desktop/SkillBeacon/backend/src/main/java/com/skillbeacon/service/WorkerAnalysisService.java: Recompile with -Xlint:unchecked for details.
[INFO] -------------------------------------------------------------
[ERROR] COMPILATION ERROR : 
[INFO] -------------------------------------------------------------
[ERROR] /C:/Users/vansh/OneDrive/Desktop/SkillBeacon/backend/src/main/java/com/skillbeacon/service/WorkerAnalysisService.java:[60,24] cannot find symbol
  symbol:   method getTargetLocation()
  location: variable request of type com.skillbeacon.dto.WorkerAnalysisRequest
[ERROR] /C:/Users/vansh/OneDrive/Desktop/SkillBeacon/backend/src/main/java/com/skillbeacon/service/ChatbotService.java:[215,48] cannot find symbol
  symbol:   method countByJobTitleAndLocationCity(java.lang.String,java.lang.String)
  location: variable jobRepository of type com.skillbeacon.repository.JobRepository
[INFO] 2 errors 
[INFO] -------------------------------------------------------------
[INFO] ------------------------------------------------------------------------
[INFO] BUILD FAILURE
[INFO] ------------------------------------------------------------------------
[INFO] Total time:  14.883 s
[INFO] Finished at: 2026-03-06T17:51:04+05:30
[INFO] ------------------------------------------------------------------------
[ERROR] Failed to execute goal org.apache.maven.plugins:maven-compiler-plugin:3.11.0:compile (default-compile) on project backend: Compilation failure: Compilation failure: 
[ERROR] /C:/Users/vansh/OneDrive/Desktop/SkillBeacon/backend/src/main/java/com/skillbeacon/service/WorkerAnalysisService.java:[60,24] cannot find symbol
[ERROR]   symbol:   method getTargetLocation()
[ERROR]   location: variable request of type com.skillbeacon.dto.WorkerAnalysisRequest
[ERROR] /C:/Users/vansh/OneDrive/Desktop/SkillBeacon/backend/src/main/java/com/skillbeacon/service/ChatbotService.java:[215,48] cannot find symbol
[ERROR]   symbol:   method countByJobTitleAndLocationCity(java.lang.String,java.lang.String)
[ERROR]   location: variable jobRepository of type com.skillbeacon.repository.JobRepository
[ERROR] -> [Help 1]
[ERROR] 
[ERROR] To see the full stack trace of the errors, re-run Maven with the -e switch.
[ERROR] Re-run Maven using the -X switch to enable full debug logging.
[ERROR] 
[ERROR] For more information about the errors and possible solutions, please read the following articles:
[ERROR] [Help 1] http://cwiki.apache.org/confluence/display/MAVEN/MojoFailureException
